// Jest Snapshot v1, https://goo.gl/fbAQLP

exports[`insight-modal component should render correctly 1`] = `
"<ContextProvider value={{...}}>
  <InsightModal isDialogOpened={true} handleCloseDialog={[Function: mockConstructor] { _isMockFunction: true, getMockImplementation: [Function (anonymous)], mock: Object [Object: null prototype] { calls: [], instances: [], invocationCallOrder: [], results: [] }, mockClear: [Function (anonymous)], mockReset: [Function (anonymous)], mockRestore: [Function (anonymous)], mockReturnValueOnce: [Function (anonymous)], mockResolvedValueOnce: [Function (anonymous)], mockRejectedValueOnce: [Function (anonymous)], mockReturnValue: [Function (anonymous)], mockResolvedValue: [Function (anonymous)], mockRejectedValue: [Function (anonymous)], mockImplementationOnce: [Function (anonymous)], mockImplementation: [Function (anonymous)], mockReturnThis: [Function (anonymous)], mockName: [Function (anonymous)], getMockName: [Function (anonymous)] }} track_status=\\"\\" />
</ContextProvider>"
`;
